// Jest Snapshot v1, https://goo.gl/fbAQLP

exports[`Renders Footer properly 1`] = `
<footer>
  <h2>
    Contact
  </h2>
  <p>
    Feel free to get in touch with me.
  </p>
  <div
    className="items"
  >
    <div
      className="item email"
    >
      <img
        alt="Envelope icon"
        src="icons/lnr-envelope.svg"
      />
       
      <a
        href="mailto:jakub@duras.me"
      >
        jakub@duras.me
      </a>
    </div>
    <div
      className="item github"
    >
      <img
        alt="Code icon"
        src="icons/lnr-code.svg"
      />
       
      <a
        href="https://github.com/durasj"
      >
        @durasj
      </a>
    </div>
    <div
      className="item mobile"
    >
      <img
        alt="Handset icon"
        src="icons/lnr-phone-handset.svg"
      />
       
      +421 917 432 974
    </div>
    <div
      className="item location"
    >
      <img
        alt="Map marker icon"
        src="icons/lnr-map-marker.svg"
      />
       Slovakia
    </div>
  </div>
  <div
    className="copyright"
  >
    Copyright Jakub Ďuraš. Code of this website is licensed under the MIT License and available at 
    <a
      href="https://github.com/durasj/website"
    >
      GitHub
    </a>
    .
  </div>
</footer>
`;
